main.c:186:5:main	104	static
main.c:464:6:SystemClock_Config	232	static
main.c:527:13:MX_ETH_Init	8	static
main.c:569:13:MX_I2C1_Init	8	static
main.c:615:13:MX_TIM3_Init	40	static
main.c:660:13:MX_TIM4_Init	40	static
main.c:705:13:MX_TIM6_Init	24	static
main.c:743:13:MX_TIM7_Init	24	static
main.c:781:13:MX_USART3_UART_Init	8	static
main.c:816:13:MX_USB_OTG_FS_PCD_Init	8	static
main.c:851:13:MX_GPIO_Init	56	static
main.c:902:13:initialization	4	static
main.c:911:21:lps22hb_init_mg	40	static
main.c:946:21:lsm303agr_init_xl	40	static
main.c:976:21:lsm6dsl_init	40	static
main.c:1031:21:lsm303agr_init_mg	40	static
main.c:1062:6:HAL_TIM_PeriodElapsedCallback	16	static
main.c:1084:16:lps22hb_platform_write	40	static
main.c:1104:16:lps22hb_platform_read	40	static
main.c:1113:16:lsm303agr_platform_write	48	static
main.c:1127:16:lsm303agr_platform_read	48	static
main.c:1140:16:lsm6dsl_platform_write	40	static
main.c:1151:16:lsm6dsl_platform_read	40	static
main.c:1168:13:tx_com	16	static
main.c:1174:13:acceleration1_acquisition	32	static
main.c:1184:13:acceleration2_acquisition	24	static
main.c:1193:13:magnetometer_acquisition	24	static
main.c:1202:13:gyroscope_acquisition	24	static
main.c:1211:13:pressure_acquisition	24	static
main.c:1218:13:compute_mean	40	static
main.c:1235:13:compute_mean_bar	32	static
main.c:1253:6:Error_Handler	4	static
